// Vitest Snapshot v1

exports[`Java stack snapshot 1`] = `
{
  "Parameters": {
    "BootstrapVersion": {
      "Default": "/cdk-bootstrap/hnb659fds/version",
      "Description": "Version of the CDK Bootstrap resources in this environment, automatically retrieved from SSM Parameter Store. [cdk:skip]",
      "Type": "AWS::SSM::Parameter::Value<String>",
    },
  },
  "Resources": {
    "BlankJavaA787BB9F": {
      "DependsOn": [
        "BlankJavaServiceRole6CD6549F",
      ],
      "Properties": {
        "Architectures": [
          "arm64",
        ],
        "Code": {
          "S3Bucket": "cdk-hnb659fds-assets-140966923789-eu-central-1",
          "S3Key": 64-byte-asset-hash-removed.zip,
        },
        "Description": "Blank Lambda template using Java, Maven build",
        "FunctionName": "blank-java-template-mvn",
        "Handler": "be.petey952.blankjava.Handler",
        "MemorySize": 512,
        "Role": {
          "Fn::GetAtt": [
            "BlankJavaServiceRole6CD6549F",
            "Arn",
          ],
        },
        "Runtime": "java11",
        "Timeout": 15,
      },
      "Type": "AWS::Lambda::Function",
    },
    "BlankJavaGradle3831E4B7": {
      "DependsOn": [
        "BlankJavaGradleServiceRole03F116AA",
      ],
      "Properties": {
        "Architectures": [
          "arm64",
        ],
        "Code": {
          "S3Bucket": "cdk-hnb659fds-assets-140966923789-eu-central-1",
          "S3Key": 64-byte-asset-hash-removed.zip,
        },
        "Description": "Blank Lambda template using Java, Gradle build",
        "FunctionName": "blank-java-template-gradle",
        "Handler": "be.petey952.blankjava.Handler",
        "MemorySize": 512,
        "Role": {
          "Fn::GetAtt": [
            "BlankJavaGradleServiceRole03F116AA",
            "Arn",
          ],
        },
        "Runtime": "java11",
        "Timeout": 15,
      },
      "Type": "AWS::Lambda::Function",
    },
    "BlankJavaGradleServiceRole03F116AA": {
      "Properties": {
        "AssumeRolePolicyDocument": {
          "Statement": [
            {
              "Action": "sts:AssumeRole",
              "Effect": "Allow",
              "Principal": {
                "Service": "lambda.amazonaws.com",
              },
            },
          ],
          "Version": "2012-10-17",
        },
        "ManagedPolicyArns": [
          {
            "Fn::Join": [
              "",
              [
                "arn:",
                {
                  "Ref": "AWS::Partition",
                },
                ":iam::aws:policy/service-role/AWSLambdaBasicExecutionRole",
              ],
            ],
          },
        ],
      },
      "Type": "AWS::IAM::Role",
    },
    "BlankJavaServiceRole6CD6549F": {
      "Properties": {
        "AssumeRolePolicyDocument": {
          "Statement": [
            {
              "Action": "sts:AssumeRole",
              "Effect": "Allow",
              "Principal": {
                "Service": "lambda.amazonaws.com",
              },
            },
          ],
          "Version": "2012-10-17",
        },
        "ManagedPolicyArns": [
          {
            "Fn::Join": [
              "",
              [
                "arn:",
                {
                  "Ref": "AWS::Partition",
                },
                ":iam::aws:policy/service-role/AWSLambdaBasicExecutionRole",
              ],
            ],
          },
        ],
      },
      "Type": "AWS::IAM::Role",
    },
    "BlankJavaWithPowertoolsCEDCD5E4": {
      "DependsOn": [
        "BlankJavaWithPowertoolsServiceRoleC5418871",
      ],
      "Properties": {
        "Architectures": [
          "arm64",
        ],
        "Code": {
          "S3Bucket": "cdk-hnb659fds-assets-140966923789-eu-central-1",
          "S3Key": 64-byte-asset-hash-removed.zip,
        },
        "Description": "Blank Lambda template using Java with Powertools, Maven build",
        "Environment": {
          "Variables": {
            "POWERTOOLS_SERVICE_NAME": "BlankJavaTemplateWithPowertools",
          },
        },
        "FunctionName": "blank-java-template-with-powertools-mvn",
        "Handler": "be.petey952.blankjavapowertools.Handler",
        "MemorySize": 512,
        "Role": {
          "Fn::GetAtt": [
            "BlankJavaWithPowertoolsServiceRoleC5418871",
            "Arn",
          ],
        },
        "Runtime": "java11",
        "Timeout": 15,
      },
      "Type": "AWS::Lambda::Function",
    },
    "BlankJavaWithPowertoolsGradleFE3A4C1A": {
      "DependsOn": [
        "BlankJavaWithPowertoolsGradleServiceRoleD66F03F9",
      ],
      "Properties": {
        "Architectures": [
          "arm64",
        ],
        "Code": {
          "S3Bucket": "cdk-hnb659fds-assets-140966923789-eu-central-1",
          "S3Key": 64-byte-asset-hash-removed.zip,
        },
        "Description": "Blank Lambda template using Java with Powertools, Gradle build",
        "Environment": {
          "Variables": {
            "POWERTOOLS_SERVICE_NAME": "BlankJavaTemplateWithPowertoolsGradle",
          },
        },
        "FunctionName": "blank-java-template-with-powertools-gradle",
        "Handler": "be.petey952.blankjavapowertools.Handler",
        "MemorySize": 512,
        "Role": {
          "Fn::GetAtt": [
            "BlankJavaWithPowertoolsGradleServiceRoleD66F03F9",
            "Arn",
          ],
        },
        "Runtime": "java11",
        "Timeout": 15,
      },
      "Type": "AWS::Lambda::Function",
    },
    "BlankJavaWithPowertoolsGradleServiceRoleD66F03F9": {
      "Properties": {
        "AssumeRolePolicyDocument": {
          "Statement": [
            {
              "Action": "sts:AssumeRole",
              "Effect": "Allow",
              "Principal": {
                "Service": "lambda.amazonaws.com",
              },
            },
          ],
          "Version": "2012-10-17",
        },
        "ManagedPolicyArns": [
          {
            "Fn::Join": [
              "",
              [
                "arn:",
                {
                  "Ref": "AWS::Partition",
                },
                ":iam::aws:policy/service-role/AWSLambdaBasicExecutionRole",
              ],
            ],
          },
        ],
      },
      "Type": "AWS::IAM::Role",
    },
    "BlankJavaWithPowertoolsServiceRoleC5418871": {
      "Properties": {
        "AssumeRolePolicyDocument": {
          "Statement": [
            {
              "Action": "sts:AssumeRole",
              "Effect": "Allow",
              "Principal": {
                "Service": "lambda.amazonaws.com",
              },
            },
          ],
          "Version": "2012-10-17",
        },
        "ManagedPolicyArns": [
          {
            "Fn::Join": [
              "",
              [
                "arn:",
                {
                  "Ref": "AWS::Partition",
                },
                ":iam::aws:policy/service-role/AWSLambdaBasicExecutionRole",
              ],
            ],
          },
        ],
      },
      "Type": "AWS::IAM::Role",
    },
  },
  "Rules": {
    "CheckBootstrapVersion": {
      "Assertions": [
        {
          "Assert": {
            "Fn::Not": [
              {
                "Fn::Contains": [
                  [
                    "1",
                    "2",
                    "3",
                    "4",
                    "5",
                  ],
                  {
                    "Ref": "BootstrapVersion",
                  },
                ],
              },
            ],
          },
          "AssertDescription": "CDK bootstrap stack version 6 required. Please run 'cdk bootstrap' with a recent version of the CDK CLI.",
        },
      ],
    },
  },
}
`;
