// Jest Snapshot v1, https://goo.gl/fbAQLP

exports[`Java stack snapshot 1`] = `
Object {
  "Parameters": Object {
    "BootstrapVersion": Object {
      "Default": "/cdk-bootstrap/hnb659fds/version",
      "Description": "Version of the CDK Bootstrap resources in this environment, automatically retrieved from SSM Parameter Store. [cdk:skip]",
      "Type": "AWS::SSM::Parameter::Value<String>",
    },
  },
  "Resources": Object {
    "BlankJavaA787BB9F": Object {
      "DependsOn": Array [
        "BlankJavaServiceRole6CD6549F",
      ],
      "Properties": Object {
        "Architectures": Array [
          "arm64",
        ],
        "Code": Object {
          "S3Bucket": "cdk-hnb659fds-assets-140966923789-eu-central-1",
          "S3Key": "da2c20ecfd844e0cc630ce77e6932612a5f2dd5cba7e31348c8d0ead103126b1.zip",
        },
        "Description": "Blank Lambda template using Java",
        "FunctionName": "blank-java-template",
        "Handler": "be.petey952.blankjava.Handler",
        "MemorySize": 512,
        "Role": Object {
          "Fn::GetAtt": Array [
            "BlankJavaServiceRole6CD6549F",
            "Arn",
          ],
        },
        "Runtime": "java11",
        "Timeout": 15,
      },
      "Type": "AWS::Lambda::Function",
    },
    "BlankJavaServiceRole6CD6549F": Object {
      "Properties": Object {
        "AssumeRolePolicyDocument": Object {
          "Statement": Array [
            Object {
              "Action": "sts:AssumeRole",
              "Effect": "Allow",
              "Principal": Object {
                "Service": "lambda.amazonaws.com",
              },
            },
          ],
          "Version": "2012-10-17",
        },
        "ManagedPolicyArns": Array [
          Object {
            "Fn::Join": Array [
              "",
              Array [
                "arn:",
                Object {
                  "Ref": "AWS::Partition",
                },
                ":iam::aws:policy/service-role/AWSLambdaBasicExecutionRole",
              ],
            ],
          },
        ],
      },
      "Type": "AWS::IAM::Role",
    },
    "BlankJavaWithPowertoolsCEDCD5E4": Object {
      "DependsOn": Array [
        "BlankJavaWithPowertoolsServiceRoleC5418871",
      ],
      "Properties": Object {
        "Architectures": Array [
          "arm64",
        ],
        "Code": Object {
          "S3Bucket": "cdk-hnb659fds-assets-140966923789-eu-central-1",
          "S3Key": "4267e2492d53303936ba3c2d2dfa48f05143516ba44707c064331b6f10df49b7.zip",
        },
        "Description": "Blank Lambda template using Java with Powertools",
        "Environment": Object {
          "Variables": Object {
            "POWERTOOLS_SERVICE_NAME": "BlankJavaTemplateWithPowertools",
          },
        },
        "FunctionName": "blank-java-template-with-powertools",
        "Handler": "be.petey952.blankjavapowertools.Handler",
        "MemorySize": 512,
        "Role": Object {
          "Fn::GetAtt": Array [
            "BlankJavaWithPowertoolsServiceRoleC5418871",
            "Arn",
          ],
        },
        "Runtime": "java11",
        "Timeout": 15,
      },
      "Type": "AWS::Lambda::Function",
    },
    "BlankJavaWithPowertoolsServiceRoleC5418871": Object {
      "Properties": Object {
        "AssumeRolePolicyDocument": Object {
          "Statement": Array [
            Object {
              "Action": "sts:AssumeRole",
              "Effect": "Allow",
              "Principal": Object {
                "Service": "lambda.amazonaws.com",
              },
            },
          ],
          "Version": "2012-10-17",
        },
        "ManagedPolicyArns": Array [
          Object {
            "Fn::Join": Array [
              "",
              Array [
                "arn:",
                Object {
                  "Ref": "AWS::Partition",
                },
                ":iam::aws:policy/service-role/AWSLambdaBasicExecutionRole",
              ],
            ],
          },
        ],
      },
      "Type": "AWS::IAM::Role",
    },
  },
  "Rules": Object {
    "CheckBootstrapVersion": Object {
      "Assertions": Array [
        Object {
          "Assert": Object {
            "Fn::Not": Array [
              Object {
                "Fn::Contains": Array [
                  Array [
                    "1",
                    "2",
                    "3",
                    "4",
                    "5",
                  ],
                  Object {
                    "Ref": "BootstrapVersion",
                  },
                ],
              },
            ],
          },
          "AssertDescription": "CDK bootstrap stack version 6 required. Please run 'cdk bootstrap' with a recent version of the CDK CLI.",
        },
      ],
    },
  },
}
`;
